05:01:01G
05:01:02
05:01:03
05:01:04
05:01:05
05:01:06
05:01:07
05:01:08
05:01:09
05:01:10
05:01:11
05:01:12
05:01:13
05:01:14
05:01:15
05:01:16
05:01:17
05:01:18
05:01:19
05:01:20
05:02:01G
05:02:02
05:02:04
05:02:05
05:02:06
05:02:08
05:02:09
05:02:10
05:02:12
05:02:13
05:03:01G
05:03:02
05:03:05
05:03:06
05:03:07
05:03:08
05:03:10
05:03:11
05:03:12
05:03:13
05:03:14
05:03:15
05:03:16
05:03:17
05:04:01G
05:05:01
05:05:02
05:06:01
05:06:02
05:07
05:09
05:100
05:101
05:105
05:109
05:11:01
05:11:02
05:111
05:112
05:113
05:114
05:115
05:116
05:117
05:118
05:119
05:12
05:120
05:121
05:122
05:123
05:124
05:125
05:126
05:127
05:129
05:13
05:130
05:131
05:134
05:135
05:138
05:140
05:141
05:142
05:143
05:145
05:146
05:147
05:15
05:151
05:153
05:154
05:156
05:157
05:158
05:16
05:19
05:20
05:21
05:22
05:23
05:24
05:25
05:26
05:28
05:29
05:30
05:33
05:34
05:38
05:39
05:40
05:43:01
05:43:02
05:44
05:48
05:49
05:50
05:51
05:52
05:53
05:54
05:55
05:58
05:59
05:60
05:61
05:62
05:63
05:64
05:65
05:66:01
05:66:02
05:67
05:68
05:69
05:70
05:71
05:72
05:73
05:74
05:75
05:76
05:77
05:79
05:80
05:81
05:82
05:83
05:85
05:86
05:88
05:89:01
05:89:02
05:91
05:92
05:93
05:94
05:95
05:97
05:98
05:99
06:01:01G
06:01:02
06:01:04
06:01:07
06:01:08
06:01:12
06:01:13
06:01:14
06:02:01G
06:02:02
06:02:03
06:02:04
06:02:05
06:02:06
06:02:07
06:02:08
06:02:09
06:02:10
06:02:11
06:02:13
06:02:14
06:02:15
06:02:16
06:02:17
06:02:18
06:02:19
06:02:20
06:02:21
06:02:22
06:02:24
06:02:25
06:03:01G
06:03:02
06:03:03
06:03:04
06:03:05
06:03:06
06:03:07
06:03:08
06:03:09
06:03:10
06:03:11
06:03:12
06:03:13
06:03:14
06:03:15
06:03:16
06:03:17
06:03:18
06:03:19
06:03:20
06:03:25
06:03:26
06:04:01G
06:04:02
06:04:03
06:04:04
06:04:05
06:04:06
06:04:07
06:04:08
06:04:09
06:04:10
06:05:01
06:05:02
06:06
06:07:01
06:07:02
06:08:01
06:08:02
06:08:03
06:09:01G
06:09:02
06:09:03
06:09:04
06:09:05
06:09:06
06:09:07
06:10
06:100
06:101
06:106
06:107
06:11:01
06:11:02
06:11:03
06:113
06:114
06:115
06:118:01
06:118:02
06:118:03
06:119
06:12
06:120
06:121
06:122
06:123
06:124
06:125
06:126
06:128
06:129
06:13:01
06:13:02
06:130
06:131
06:132
06:133
06:134
06:135
06:136
06:137
06:138
06:139
06:14:01
06:14:02
06:14:03
06:140
06:141
06:142
06:143
06:145
06:146:01
06:146:02
06:147
06:148
06:149
06:15:01
06:15:02
06:150
06:151
06:152
06:153
06:154
06:155
06:156
06:157
06:159
06:16
06:160
06:161
06:162
06:163
06:164
06:165
06:166
06:167
06:168
06:169
06:17
06:170
06:171
06:172
06:173
06:174
06:175
06:176
06:177
06:178
06:18:01
06:18:02
06:180
06:181
06:182
06:183
06:184
06:186
06:19:01
06:19:02
06:190:01
06:190:02
06:191
06:192
06:194
06:195
06:196
06:197
06:198
06:199
06:20
06:201
06:202
06:203
06:204
06:206:01
06:206:02
06:207
06:208
06:209
06:21
06:210
06:211
06:212
06:213
06:214
06:215
06:22:01
06:22:02
06:22:03
06:222
06:229
06:23
06:230
06:231
06:232
06:233
06:234
06:235
06:236
06:238
06:239
06:24
06:241
06:242
06:244
06:245
06:246
06:247
06:248
06:249
06:25
06:27:01
06:27:02
06:28
06:29
06:30
06:31
06:32:01
06:32:02
06:33
06:35
06:37
06:40
06:42
06:43
06:45
06:46
06:48
06:49
06:50
06:51:01
06:51:02
06:53:01
06:53:02
06:55
06:56
06:57
06:58
06:59
06:60
06:61
06:62
06:63
06:64
06:65
06:66
06:67
06:68
06:69:01
06:69:02
06:70
06:71
06:72
06:73
06:74
06:76
06:78
06:79:01
06:79:02
06:80
06:81
06:82
06:83
06:85
06:87
06:89
06:90
06:91
06:92
06:93
06:94
06:95
06:96
06:97
06:98
06:99:01
06:99:02