01:01:01G
01:01:02
01:01:03
01:01:04
01:01:05
01:01:06
01:01:07
01:01:08
01:01:09
01:01:10
01:01:11
01:01:12
01:01:13
01:01:14
01:01:15
01:01:16
01:01:17
01:01:18
01:01:19
01:01:20
01:01:21
01:01:22
01:01:23
01:01:24
01:01:25
01:01:26
01:01:27
01:01:28
01:01:29
01:01:30
01:02:01G
01:02:02
01:02:03
01:02:04
01:02:05
01:02:06
01:02:07
01:02:08
01:02:09
01:02:10
01:02:11
01:02:12
01:03:01
01:03:02
01:04
01:05
01:06
01:07
01:08
01:09
01:10
01:11:01
01:11:02
01:12
01:13
01:14
01:15
01:16
01:17
01:18:01
01:18:02
01:19
01:20:01
01:20:02
01:21
01:22
01:23
01:24:01
01:24:02
01:25
01:26
01:27
01:28
01:29:01
01:29:02
01:30
01:31
01:32
01:34
01:35
01:36
01:37
01:38
01:41
01:42
01:43
01:44:01
01:44:02
01:45
01:46
01:47
01:48
01:49
01:51
01:53
01:54
01:55
01:56
01:57
01:58
01:59
01:60
01:61
01:63
01:64
01:65:01
01:65:02
01:66
01:69
01:70
01:71
01:72
01:73
01:74
01:75
01:76
01:78
01:79
01:80
01:81
01:84