13:03
13:04
40:05:01G
40:26
40:28
44:42
45:04
49:01:01G
49:01:02
49:01:03
49:01:05
49:01:06
49:01:07
49:01:08
49:02
49:03
49:04:01
49:04:02
49:05
49:06
49:08
49:09
49:10
49:11
49:12
49:13
49:14
49:16
49:17
49:18:01
49:18:02
49:20
49:21
49:22
49:23
49:24
49:25
49:26
49:27
49:28
49:29
49:30
49:31
49:32
49:33
49:34
49:35
49:36
49:37
49:38
49:39
49:40
49:41
49:42
49:43
49:44
49:45
49:46
49:47
49:48
50:01:01G
50:01:02
50:01:03
50:01:04
50:01:05
50:01:07
50:01:09
50:02
50:04
50:05
50:06
50:07
50:08
50:09
50:10
50:11
50:12
50:13
50:14
50:15
50:16
50:17
50:18
50:19
50:20
50:31
50:32
50:33
50:34
50:35
50:36
50:38
50:39
50:40
50:41
50:42
50:43
50:44
50:45
50:46
50:47
50:48
50:49
50:50
50:51
50:52
50:53
50:54