38:03
38:09
39:01:01G
39:02:01
39:02:02G
39:03:01G
39:04
39:05:01G
39:05:02
39:06:01
39:06:02G
39:06:03
39:06:04
39:06:05
39:07
39:08
39:09:01G
39:09:02
39:09:03
39:10:01
39:10:02
39:100
39:101
39:102
39:103
39:104
39:105
39:106
39:107
39:108
39:109
39:11
39:110
39:111
39:112
39:113
39:114
39:115
39:117
39:118
39:119
39:12
39:120
39:121
39:122
39:123
39:124
39:125
39:126
39:127
39:128
39:129
39:13:01
39:13:02
39:131
39:14:01G
39:15
39:16
39:17
39:18
39:19:01
39:19:02
39:20
39:22
39:23
39:24:01
39:24:02
39:26
39:27
39:28
39:29
39:30
39:31:01G
39:32
39:33
39:34
39:35
39:36
39:37
39:38Q
39:39:01
39:39:02
39:41
39:42
39:43
39:44
39:45
39:47
39:48
39:49
39:50
39:51
39:52
39:53
39:54
39:55
39:56
39:57
39:58
39:60
39:61
39:62
39:63
39:64
39:65
39:66
39:67
39:68
39:69
39:70
39:71
39:72
39:73
39:74
39:75
39:76
39:78
39:79
39:80
39:81
39:82
39:83
39:84
39:85
39:88
39:89
39:90
39:91
39:92
39:93
39:94
39:96
39:98
39:99