05:01P
05:02P
05:03P
05:04P
05:05P
05:06P
05:07
05:09
05:100
05:101
05:105
05:109
05:111
05:112
05:113
05:114
05:115
05:116
05:117
05:118
05:119
05:11P
05:12
05:120
05:121
05:122
05:123
05:124
05:125
05:126
05:127
05:129
05:13
05:130
05:131
05:134
05:135
05:138
05:140
05:141
05:142
05:143
05:145
05:146
05:147
05:15
05:151
05:153
05:154
05:156
05:157
05:158
05:16
05:19
05:20
05:21
05:22
05:23
05:24
05:25
05:26
05:28
05:29
05:30
05:33
05:34
05:38
05:39
05:40
05:44
05:48
05:49
05:50
05:51
05:52
05:53
05:54
05:55
05:58
05:59
05:60
05:61
05:62
05:63
05:64
05:65
05:66P
05:67
05:68
05:69
05:70
05:71
05:72
05:73
05:74
05:75
05:76
05:77
05:79
05:80
05:81
05:82
05:83
05:85
05:86
05:88
05:89P
05:91
05:92
05:93
05:94
05:95
05:97
05:98
05:99
06:01P
06:02P
06:03P
06:04P
06:05P
06:06
06:07P
06:08P
06:09P
06:10
06:100
06:101
06:106
06:107
06:113
06:114
06:115
06:118P
06:119
06:11P
06:12
06:120
06:121
06:122
06:123
06:124
06:125
06:126
06:128
06:129
06:130
06:131
06:132
06:133
06:134
06:135
06:136
06:137
06:138
06:139
06:13P
06:140
06:141
06:142
06:143
06:145
06:146P
06:147
06:148
06:149
06:14P
06:150
06:151
06:152
06:153
06:154
06:155
06:156
06:157
06:159
06:15P
06:16
06:160
06:161
06:162
06:163
06:164
06:165
06:166
06:167
06:168
06:169
06:17
06:170
06:171
06:172
06:173
06:174
06:175
06:176
06:177
06:178
06:180
06:181
06:182
06:183
06:184
06:186
06:18P
06:190P
06:191
06:192
06:194
06:195
06:196
06:197
06:198
06:199
06:19P
06:20
06:201
06:202
06:203
06:204
06:206P
06:207
06:208
06:209
06:21
06:210
06:211
06:212
06:213
06:214
06:215
06:222
06:229
06:22P
06:23
06:230
06:231
06:232
06:233
06:234
06:235
06:236
06:238
06:239
06:24
06:241
06:242
06:244
06:245
06:246
06:247
06:248
06:249
06:25
06:251
06:257
06:259
06:260
06:261
06:263
06:264
06:266
06:268
06:269
06:270
06:271
06:274
06:275
06:27P
06:28
06:29
06:30
06:31
06:32P
06:33
06:35
06:37
06:40
06:42
06:43
06:45
06:46
06:48P
06:49
06:50
06:51P
06:53P
06:55
06:56
06:57
06:58
06:59
06:60
06:61
06:62
06:63
06:64
06:65
06:66
06:67
06:68
06:69P
06:70
06:71
06:72
06:73
06:74
06:76
06:78
06:79P
06:80
06:81
06:82
06:83
06:85
06:87
06:89
06:90
06:91
06:92
06:93
06:94
06:95
06:96P
06:97
06:98
06:99P