01:02:01G
01:02:03
01:02:04
01:02:05
01:02:06
01:02:07
01:02:08
01:02:09
01:02:10
01:02:13
01:02:16
01:02:17
01:02:18
01:02:19
01:02:20
01:02:21
01:02:22
01:02:26
01:02:27
01:02:28
01:02:29
01:02:31
01:02:32
01:02:33
01:02:34
01:02:35
01:02:36
01:02:37
01:02:38
01:02:39
01:02:40
01:02:41
01:02:43
01:03:01G
01:04
01:05
01:06
01:07:01
01:07:02
01:08
01:09
01:10
01:100
01:101
01:102
01:103
01:104
01:105
01:106
01:107
01:108
01:11
01:110
01:112
01:113
01:114
01:115
01:116
01:118
01:119
01:12:01
01:12:02
01:120
01:121Q
01:122
01:123
01:124
01:125
01:126
01:128
01:129
01:13
01:130
01:131
01:132
01:133
01:134
01:136
01:14
01:140
01:141
01:144
01:146
01:147
01:148
01:15:01
01:15:02
01:16
01:17
01:18
01:19
01:20
01:21
01:22
01:23
01:26
01:27
01:28
01:29
01:30
01:31
01:32:01
01:32:02
01:33
01:34
01:35
01:36
01:38
01:39
01:40
01:41
01:42
01:43
01:45
01:46
01:47
01:48
01:49:01
01:49:02
01:50
01:51
01:52
01:53
01:54
01:55
01:57
01:58
01:59
01:60
01:61
01:62
01:63:02
01:64
01:65
01:66
01:67
01:68
01:70
01:71
01:72
01:73
01:74
01:75
01:76
01:77
01:78
01:79:01
01:79:02
01:80
01:81
01:87
01:88
01:90
01:91
01:92
01:93
01:94
01:95
01:96
01:97
01:99
14:02:01G
14:02:02
14:02:03
14:02:04
14:02:05
14:02:06
14:02:08
14:02:09
14:02:10
14:02:11
14:02:12
14:02:13
14:02:14
14:02:17
14:02:18
14:02:19
14:02:20
14:03:01G
14:05
14:08