03:02:01G
03:02:04
03:02:05
03:02:06
03:02:08
03:02:09
03:02:10
03:02:11
03:02:13
03:02:14
03:02:15
03:02:16
03:02:17
03:02:18
03:03:01G
03:04:01G
03:04:02G
03:04:04
03:04:05
03:04:06
03:04:07
03:04:08
03:04:09
03:04:10
03:04:11
03:04:12
03:04:13
03:04:14
03:04:15
03:04:16
03:04:17
03:04:18
03:04:19
03:04:21
03:04:22
03:04:23
03:04:24
03:04:25
03:04:26
03:04:27
03:04:28
03:04:29
03:04:30
03:04:31
03:04:32
03:04:33
03:04:34
03:04:35
03:04:37
03:04:38
03:04:39
03:04:40
03:04:41
03:04:42
03:04:45
03:04:46
03:04:47
03:04:48
03:04:49
03:04:50
03:04:51
03:04:52
03:04:53
03:04:54
03:04:56
03:04:57
03:04:59
03:05:01G
03:06:01
03:06:02
03:07:01
03:07:02
03:08
03:09
03:10
03:102
03:103
03:104
03:107
03:108
03:109
03:11:01
03:11:02
03:110
03:111
03:112
03:113:01
03:113:02
03:114
03:115
03:116:01
03:116:02
03:117
03:118
03:119:01
03:119:02
03:120
03:122
03:123
03:124
03:125
03:126
03:127
03:128
03:129
03:13:01
03:13:02
03:130
03:131
03:132
03:133
03:134
03:135
03:136
03:137
03:138
03:139
03:14:01G
03:140
03:141
03:142
03:143
03:144
03:145
03:147
03:148
03:149
03:15
03:150
03:151
03:152
03:153
03:154
03:155
03:156
03:157
03:158
03:159
03:16
03:160
03:161
03:162
03:163
03:164
03:165:01
03:165:02
03:166
03:167
03:168
03:169Q
03:17:01
03:17:02
03:170
03:172
03:173
03:174
03:175
03:176
03:177
03:178
03:179
03:18:01
03:18:02
03:180
03:181
03:182
03:183
03:184:01
03:184:02
03:185
03:186:01
03:186:02
03:187
03:188
03:19
03:190
03:191
03:192
03:193
03:194
03:195
03:196
03:197
03:198
03:199
03:200
03:202
03:203
03:204
03:209
03:21
03:210
03:214
03:215
03:216
03:217
03:220
03:221
03:222
03:223
03:225
03:228
03:22Q
03:23
03:230
03:231
03:232
03:233
03:234
03:235
03:238
03:239
03:24
03:240
03:241
03:242
03:243
03:244Q
03:245
03:246
03:247
03:248
03:249
03:25
03:250
03:251
03:253
03:254
03:255
03:256
03:257
03:258
03:259
03:26
03:260
03:261
03:262
03:263:01
03:263:02
03:264
03:266
03:267
03:268
03:269
03:27
03:270
03:271
03:272
03:273
03:274
03:275
03:276
03:278
03:28
03:280
03:281
03:282
03:283
03:284
03:285
03:286
03:287
03:288
03:289
03:29
03:290
03:291
03:292
03:293
03:295
03:296:01
03:296:02
03:297
03:298
03:299
03:30
03:300
03:301
03:302
03:304
03:305
03:306
03:307
03:308
03:309
03:31
03:310
03:311
03:313
03:314
03:315
03:317
03:319
03:32
03:320
03:321
03:322
03:324
03:325
03:326
03:328
03:329
03:33
03:330
03:331
03:332
03:333
03:334
03:336
03:337
03:338
03:339
03:34
03:340
03:342
03:343
03:344
03:345
03:346
03:347
03:348
03:349
03:35:01
03:35:02
03:350
03:351
03:352
03:353
03:355
03:356
03:36
03:360
03:364
03:365
03:367
03:368
03:37:01
03:37:02
03:371
03:374
03:375
03:379
03:38:01
03:38:02
03:382
03:384
03:385
03:386
03:388
03:389
03:39
03:390
03:40:01G
03:40:02
03:40:03
03:40:04
03:41:01
03:41:02
03:42
03:43:01
03:43:02
03:44
03:45
03:46
03:47
03:48
03:49
03:50
03:51
03:52
03:53
03:54
03:55
03:56
03:57:01
03:57:02
03:58
03:59
03:60
03:61
03:63
03:64:01
03:64:02
03:65
03:66
03:67
03:68
03:69
03:70
03:71
03:72
03:73
03:74
03:75
03:76
03:77
03:78
03:79
03:80:01
03:80:02
03:81
03:82
03:83
03:84
03:85
03:86
03:87:01
03:87:02
03:88
03:89
03:90
03:91:01
03:91:02
03:92
03:93
03:94
03:95
03:96
03:97
03:98
03:99:01
03:99:02
15:07
15:21