15:23
51:01:01G
51:01:02
51:01:03
51:01:04
51:01:06
51:01:08
51:01:09
51:01:10
51:01:11
51:01:12
51:01:13
51:01:14
51:01:15
51:01:16
51:01:17
51:01:18
51:01:19
51:01:20
51:01:21
51:01:22
51:01:24
51:01:25
51:01:26
51:01:27
51:01:28
51:01:29
51:01:30
51:01:31
51:01:32
51:01:33
51:01:34
51:01:36
51:01:37
51:01:38
51:01:39
51:01:40
51:01:41
51:01:42
51:01:43
51:01:46
51:01:47
51:01:48
51:01:49
51:01:50
51:01:51
51:01:52
51:01:53
51:01:54
51:01:58
51:01:59
51:01:62
51:01:63
51:02:01G
51:02:02
51:02:03
51:02:04
51:02:05
51:03
51:04:01
51:04:02
51:05
51:06:01
51:06:02
51:06:03
51:06:04
51:07:01
51:07:02
51:08:01G
51:08:02
51:09:01
51:09:02
51:09:03
51:10
51:100
51:101
51:102
51:103
51:104
51:105
51:106:01
51:106:02
51:107
51:108
51:109
51:111
51:112
51:113
51:114
51:115
51:116
51:117
51:119
51:12
51:120
51:121
51:122
51:123
51:124
51:125
51:126
51:127
51:128
51:129
51:13:01
51:13:02
51:130
51:131
51:132
51:133
51:134
51:135
51:136
51:137
51:138
51:139
51:14
51:140
51:141
51:143
51:144
51:145
51:146
51:147
51:148
51:15
51:150
51:151
51:152
51:153
51:154
51:155
51:156
51:157
51:158:01
51:158:02
51:159
51:16
51:160
51:161
51:162
51:163
51:167
51:168
51:17
51:170
51:171
51:172
51:173Q
51:174:01
51:174:02
51:175
51:176
51:177
51:179
51:18
51:180
51:181
51:182
51:183
51:185
51:186
51:187
51:188
51:189
51:19
51:190
51:191
51:192
51:194
51:195
51:196
51:197
51:198
51:199
51:20
51:200
51:201
51:202
51:203
51:204
51:205
51:206
51:207
51:208
51:209
51:21
51:210
51:211
51:212
51:213
51:214
51:215
51:216
51:217
51:218
51:22
51:220
51:221
51:222
51:223
51:225
51:226
51:227
51:228
51:23
51:231
51:233
51:236
51:24:01
51:24:02
51:24:03
51:24:04
51:24:05
51:26
51:28
51:29
51:31
51:33
51:34
51:35
51:36
51:37
51:38
51:39
51:40
51:42
51:43
51:45
51:46
51:49
51:50
51:52
51:53
51:54
51:55
51:56:01
51:56:02
51:56:03
51:57
51:58
51:59
51:60
51:61:01
51:61:02
51:62
51:63:01
51:63:02
51:64
51:65
51:66
51:67
51:68
51:69
51:70
51:71
51:72
51:73
51:74
51:75
51:76
51:77
51:78:01
51:78:02
51:79
51:80
51:81
51:82
51:83
51:84
51:85
51:86
51:87
51:88
51:89
51:90
51:91
51:92:01
51:92:02
51:93
51:94
51:95
51:96
51:97
51:99
53:06
58:08:01
58:08:02