01:01P
01:02
01:03P
01:06
01:07
01:08
01:09P
01:10
01:100
01:101
01:102
01:104
01:105
01:106
01:108
01:110
01:111
01:112
01:113
01:114
01:115
01:116
01:117
01:118
01:119
01:12
01:120
01:121
01:122
01:124
01:125
01:126
01:127
01:128
01:129
01:13
01:130
01:131
01:133
01:134
01:135
01:136
01:137
01:138
01:139
01:14
01:140
01:143
01:144
01:145
01:146
01:147Q
01:148
01:149
01:150
01:151
01:152
01:153
01:154
01:156
01:157
01:158
01:159
01:161
01:163
01:164
01:165
01:166
01:167
01:168
01:169
01:17
01:170
01:171
01:172
01:173
01:174
01:175
01:176
01:180
01:181
01:182
01:183
01:184
01:185
01:187
01:188
01:189
01:19
01:190
01:191
01:192
01:193
01:194
01:195
01:196
01:197
01:198
01:199
01:20
01:200
01:201
01:202
01:203
01:204
01:205
01:206
01:207
01:208Q
01:209
01:21
01:210
01:211
01:213
01:214
01:215
01:216
01:218
01:219
01:220
01:221
01:222
01:223
01:224
01:225
01:226
01:227
01:228Q
01:229
01:23
01:230
01:231
01:232
01:233
01:235
01:236
01:238
01:239
01:24
01:241
01:242
01:243
01:244
01:245
01:25
01:254
01:255
01:256
01:257
01:259
01:26
01:260
01:28
01:29
01:30
01:33
01:35
01:36
01:38
01:39
01:40
01:41
01:42
01:43
01:44
01:46
01:47
01:48
01:49
01:50
01:51
01:54
01:55
01:58
01:59
01:60
01:61
01:62
01:63
01:64
01:65
01:66
01:67P
01:68
01:69P
01:70
01:71
01:72
01:73
01:74
01:75
01:76
01:77
01:78
01:79
01:80
01:82
01:83P
01:84
01:85
01:86
01:88P
01:89
01:90
01:91
01:92
01:93
01:94
01:95
01:96
01:97
01:98
01:99