02:01:01G
02:01:02
02:01:03
02:01:04
02:01:05
02:01:06
02:01:07
02:01:09
02:01:10
02:01:100
02:01:101
02:01:102
02:01:103
02:01:105
02:01:106
02:01:107
02:01:108
02:01:109
02:01:110
02:01:111
02:01:112
02:01:113
02:01:114
02:01:115
02:01:116
02:01:117
02:01:118
02:01:119
02:01:12
02:01:120
02:01:121
02:01:122
02:01:123
02:01:124
02:01:125
02:01:126
02:01:127
02:01:128
02:01:129
02:01:13
02:01:137
02:01:138
02:01:139
02:01:140
02:01:141
02:01:142
02:01:144
02:01:17
02:01:18
02:01:19
02:01:22
02:01:23
02:01:24
02:01:25
02:01:26
02:01:27
02:01:28
02:01:29
02:01:30
02:01:31
02:01:32
02:01:33
02:01:34
02:01:35
02:01:36
02:01:37
02:01:38
02:01:39
02:01:40
02:01:41
02:01:42
02:01:43
02:01:44
02:01:45
02:01:46
02:01:47
02:01:49
02:01:51
02:01:52
02:01:53
02:01:54
02:01:55
02:01:56
02:01:57
02:01:58
02:01:59
02:01:60
02:01:61
02:01:62
02:01:63
02:01:64
02:01:65
02:01:66
02:01:67
02:01:68
02:01:69
02:01:70
02:01:71
02:01:72
02:01:73
02:01:74
02:01:75
02:01:76
02:01:77
02:01:78
02:01:81
02:01:83
02:01:84
02:01:85
02:01:86
02:01:87
02:01:88
02:01:90
02:01:91
02:01:92
02:01:93
02:01:94
02:01:95
02:01:96
02:02:01G
02:02:02
02:02:03
02:02:04
02:03:01G
02:03:02
02:03:03
02:03:04
02:03:05
02:03:07
02:03:08
02:04:01G
02:05:01G
02:05:02
02:05:03
02:05:04
02:05:05
02:05:06
02:05:07
02:06:01G
02:06:02
02:06:03
02:06:04
02:06:05
02:06:06
02:06:07
02:06:08
02:06:09
02:06:10
02:06:11
02:06:12
02:06:14
02:06:17
02:06:18
02:06:19
02:06:20
02:06:21
02:06:22
02:07:01G
02:07:06
02:07:08
02:07:09
02:07:10
02:07:11
02:08
02:10:01G
02:101:01
02:101:02
02:102
02:103
02:105
02:106
02:107
02:108
02:109
02:11:01G
02:11:02
02:11:03
02:11:04
02:11:05
02:11:06
02:11:07
02:11:08
02:11:09
02:110
02:111
02:112
02:114
02:115
02:116
02:117
02:118
02:119
02:12
02:120
02:121
02:122
02:123
02:127
02:128
02:129
02:13
02:130
02:133
02:135
02:136
02:137
02:138
02:139
02:14
02:141
02:142
02:143
02:144
02:145
02:146
02:147
02:148
02:149
02:150
02:151
02:152
02:153:01
02:153:02
02:154
02:155
02:156
02:157:01
02:157:02
02:158
02:159
02:16:01G
02:160
02:161
02:162
02:163
02:164:01
02:164:02
02:165
02:166
02:167
02:168
02:169
02:17:01G
02:17:03
02:17:04
02:170
02:171:01
02:171:02
02:172
02:173
02:174
02:175
02:176
02:177
02:178
02:18
02:180
02:181
02:182
02:183
02:184
02:185
02:186
02:187
02:188
02:189
02:19
02:190
02:191
02:192
02:193
02:194
02:195
02:196
02:197:01
02:197:02
02:198
02:199
02:20:01
02:20:02
02:200
02:201
02:202
02:203
02:204
02:205
02:206
02:207
02:208
02:209
02:21
02:210
02:211:01
02:211:02
02:212
02:213
02:214
02:215
02:216
02:217:01
02:217:02
02:218
02:219
02:22:01G
02:22:02
02:220
02:221
02:224
02:228
02:229
02:230
02:231
02:232
02:233
02:234
02:235
02:236
02:237
02:238
02:239
02:24:01
02:24:02
02:240
02:242
02:243:01
02:243:02
02:243:03
02:244
02:245
02:246
02:247
02:248
02:249
02:25
02:251
02:254
02:255
02:257
02:258
02:259
02:26
02:260
02:261
02:262
02:263
02:267
02:268
02:269
02:27
02:270
02:271
02:272
02:273
02:274
02:275
02:276
02:277
02:278
02:279
02:28
02:280
02:281
02:282
02:283
02:285
02:286
02:287
02:288
02:289:01
02:289:02
02:29
02:290
02:292
02:293Q
02:295
02:296
02:297
02:298
02:299
02:30:01
02:30:02
02:300
02:302
02:303
02:304
02:306
02:307
02:308
02:309
02:31
02:310
02:311
02:312
02:313
02:315
02:316
02:317
02:318
02:319
02:320
02:322
02:323
02:325
02:326
02:328
02:33
02:330
02:331
02:332
02:333
02:334
02:335
02:336
02:337
02:338
02:339
02:34
02:340
02:341
02:342
02:343
02:344
02:345
02:346
02:347
02:348
02:349
02:35:01
02:35:02
02:35:03
02:351
02:352
02:353
02:354
02:355
02:358
02:359
02:36
02:360
02:361
02:362
02:363
02:364
02:365
02:367
02:368
02:369
02:37
02:371
02:372
02:374
02:375
02:376
02:377
02:378
02:379
02:38
02:380
02:381
02:382
02:383
02:384
02:385
02:386
02:387
02:388
02:389
02:39
02:390
02:391
02:392
02:393
02:394
02:396
02:398
02:399
02:40:01
02:40:02
02:400
02:401
02:402
02:403
02:404
02:405
02:406
02:407
02:408
02:409
02:41
02:410
02:412
02:413
02:414
02:415
02:416
02:417
02:418
02:419:01
02:419:02
02:42
02:420
02:421
02:422
02:423
02:424
02:425
02:427
02:429
02:430
02:431
02:432
02:433
02:434
02:435
02:436
02:437
02:438
02:44
02:440Q
02:441
02:442
02:443
02:444
02:445
02:447
02:448
02:449
02:45
02:450
02:451
02:454
02:456
02:457
02:458
02:459
02:46
02:460
02:461
02:462
02:463
02:464
02:465
02:466
02:467
02:47
02:470
02:471
02:472
02:473
02:474
02:475
02:477
02:478
02:479
02:48
02:482
02:483
02:484
02:485
02:486
02:487
02:488
02:489
02:49:01G
02:491
02:492
02:493
02:494
02:495
02:496
02:497
02:498
02:499
02:50
02:500Q
02:502
02:503
02:504
02:507
02:508
02:509
02:51
02:510
02:511
02:512
02:513
02:515
02:517
02:518
02:519
02:52
02:520
02:521
02:522
02:523
02:524:01
02:524:02
02:526
02:527
02:528:01
02:528:02
02:529
02:530
02:531
02:532
02:533
02:534
02:535
02:536
02:537
02:539
02:54
02:541
02:542
02:543
02:544
02:545
02:546
02:547
02:548
02:549
02:55
02:550
02:551
02:552
02:553
02:554
02:555
02:556
02:558
02:56:01
02:56:02
02:560
02:561
02:562
02:563
02:564
02:565
02:566
02:567
02:568
02:569
02:57
02:570
02:571
02:572
02:573
02:574
02:575
02:576
02:577
02:578
02:579
02:58
02:580
02:581
02:582
02:583
02:584
02:585
02:586
02:587
02:588
02:589
02:59
02:590
02:591:01
02:591:02
02:592
02:593
02:594
02:595
02:596
02:597
02:598
02:599
02:60:01
02:60:02
02:600
02:601
02:602
02:603
02:604
02:605Q
02:606
02:609
02:61
02:610:01
02:610:02
02:611
02:612
02:613
02:615
02:616
02:617
02:618Q
02:619
02:62
02:620
02:621
02:623
02:624
02:626
02:627
02:628
02:63
02:630
02:631
02:632
02:633
02:634
02:635
02:636
02:637
02:638
02:639
02:64:01
02:64:02
02:640
02:641
02:644
02:645
02:646
02:647
02:648
02:649
02:65
02:650
02:651
02:652
02:653
02:654
02:655
02:656
02:657
02:658
02:659
02:660
02:661
02:662
02:663
02:666
02:667
02:668
02:669
02:67
02:670
02:671
02:672Q
02:673
02:674
02:676
02:677
02:678
02:679
02:68
02:680
02:681
02:682
02:688
02:693
02:694
02:695
02:697
02:698
02:699
02:70
02:700
02:701
02:702
02:703
02:705
02:706
02:707
02:708
02:709
02:71
02:711
02:712
02:713
02:714
02:72
02:721
02:723
02:725
02:727
02:728
02:729
02:73
02:730
02:731
02:732
02:733
02:734
02:735
02:736
02:738
02:74:01
02:74:02
02:76:01
02:76:02
02:77
02:78
02:79:01
02:79:02
02:80
02:81:01G
02:84
02:85
02:86:01
02:86:02
02:87
02:90
02:91
02:92
02:93:01
02:93:02
02:95
02:96
02:99