15:01:01G
15:02:01G
15:03:01G
15:03:02
15:03:03
15:03:04
15:03:05
15:03:06
15:03:07
15:07:01G
15:09:01G
15:10:01
15:10:02
15:10:03
15:10:04
15:101
15:105
15:106
15:108
15:109
15:11:01G
15:110
15:113
15:114
15:115
15:116
15:117
15:118
15:119
15:12:01G
15:120
15:121
15:122
15:123:01G
15:124
15:125
15:126
15:127
15:128
15:129
15:131
15:132
15:133
15:134
15:135
15:136
15:137
15:138
15:139
15:141
15:142
15:143
15:144
15:145
15:147
15:148
15:150
15:152
15:153
15:154
15:155
15:156
15:157
15:158
15:159
15:160
15:161
15:162
15:163
15:164
15:165
15:166
15:167
15:168
15:169
15:170
15:171
15:172
15:173
15:174
15:175
15:176
15:177
15:178
15:179:01
15:179:02
15:18:01G
15:18:02
15:18:03
15:18:04
15:18:05
15:18:06
15:18:07
15:180
15:183
15:184
15:185
15:186
15:187
15:188
15:189
15:191
15:192
15:193
15:194
15:195
15:196
15:197:01
15:197:02
15:199
15:200
15:202
15:203
15:204
15:205
15:206
15:207
15:208
15:210
15:211
15:212
15:213
15:215
15:216
15:217
15:218Q
15:219
15:221
15:222
15:223
15:224
15:225
15:229
15:23
15:230
15:231
15:232
15:233
15:234
15:235
15:236
15:237
15:238
15:239
15:240
15:241
15:242:01
15:242:02
15:243
15:244
15:245Q
15:248
15:249
15:25:01G
15:250
15:251:01
15:251:02
15:252
15:253
15:254
15:255
15:256
15:257
15:259
15:260
15:261
15:264
15:265
15:266
15:267
15:268
15:269
15:273
15:274
15:275:01
15:275:02
15:276
15:277
15:278
15:279
15:28:01G
15:280
15:281
15:282
15:283
15:285
15:286
15:287
15:288
15:289
15:29
15:290
15:291
15:292
15:293
15:295
15:296
15:297
15:298
15:299
15:300
15:301
15:303
15:306
15:308
15:309
15:310
15:311
15:312
15:313
15:314
15:315
15:316
15:317
15:318
15:319
15:322
15:323
15:324
15:325
15:326
15:327
15:328
15:329
15:330
15:331
15:332
15:333
15:334
15:335
15:336
15:337
15:338
15:339
15:340
15:341
15:342
15:343
15:344
15:345
15:346
15:347
15:348
15:349:01
15:349:02
15:350
15:351
15:352
15:353
15:354
15:355
15:356
15:357
15:359
15:36
15:360
15:361
15:362
15:363:01
15:363:02
15:364
15:365
15:366
15:368
15:369
15:37
15:370
15:371
15:372
15:373
15:374
15:376
15:377Q
15:378
15:379
15:38:01
15:38:02
15:381
15:382
15:383
15:384
15:385
15:386
15:387
15:389
15:390
15:391
15:392
15:393
15:394
15:395
15:396
15:397
15:398
15:399
15:40:01
15:40:02
15:401
15:402
15:403
15:404
15:405
15:406
15:407
15:408
15:409
15:410
15:411
15:412
15:413
15:414
15:415
15:416
15:417
15:418
15:419
15:42
15:420
15:421
15:422
15:423
15:424
15:425
15:426
15:427
15:429
15:43
15:430
15:431
15:432
15:433
15:434
15:435
15:436
15:438
15:439
15:44
15:440
15:442
15:445
15:446
15:447
15:448
15:449
15:46
15:47:01
15:47:02
15:49
15:50
15:51
15:52
15:53
15:54
15:56
15:57
15:60
15:61
15:62
15:63
15:64:01
15:64:02
15:65
15:66
15:67
15:68
15:69
15:72
15:74
15:75
15:76
15:77
15:80
15:81
15:83
15:85
15:86
15:87
15:88
15:89
15:90
15:91
15:92
15:93
15:95
15:97
15:98
15:99
48:02:01
48:02:02
48:02:03