A	1
A	2
A	3
A	9
A	10
A	11
A	19
A	23
A	24
A	25
A	26
A	28
A	29
A	30
A	31
A	32
A	33
A	34
A	36
A	43
A	66
A	68
A	69
A	74
A	80
A	203
A	210
A	2403
B	5
B	7
B	8
B	12
B	13
B	14
B	15
B	16
B	17
B	18
B	21
B	22
B	27
B	35
B	37
B	38
B	39
B	40
B	41
B	42
B	44
B	45
B	46
B	47
B	48
B	49
B	50
B	51
B	52
B	53
B	54
B	55
B	56
B	57
B	58
B	59
B	60
B	61
B	62
B	63
B	64
B	65
B	67
B	70
B	71
B	72
B	73
B	75
B	76
B	77
B	78
B	81
B	82
B	703
B	2708
B	3901
B	3902
B	4005
B	5102
B	5103
C	1
C	2
C	3
C	4
C	5
C	6
C	7
C	8
C	9
C	10
C	11
DQB1	1
DQB1	2
DQB1	3
DQB1	4
DQB1	5
DQB1	6
DQB1	7
DQB1	8
DQB1	9
DRB1	1
DRB1	2
DRB1	3
DRB1	4
DRB1	5
DRB1	6
DRB1	7
DRB1	8
DRB1	9
DRB1	10
DRB1	11
DRB1	12
DRB1	13
DRB1	14
DRB1	15
DRB1	16
DRB1	17
DRB1	18
DRB1	103
DRB1	1403
DRB1	1404